Component: ARM Compiler 5.06 update 1 (build 61) Tool: armlink [4d35a8]

==============================================================================

Section Cross References

    main.o(i.main) refers to kmboard.o(i.KM_Board_Init) for KM_Board_Init
    main.o(i.main) refers to task0.o(i.TIMER0_Init) for TIMER0_Init
    main.o(i.main) refers to task0.o(i.TIMER0_Inter_Init) for TIMER0_Inter_Init
    main.o(i.main) refers to task1.o(i.TIMER1_Init) for TIMER1_Init
    main.o(i.main) refers to task1.o(i.TIMER1_Inter_Init) for TIMER1_Inter_Init
    main.o(i.main) refers to task3.o(i.Task4) for Task4
    main.o(i.main) refers to task3.o(i.TIMER2_Init) for TIMER2_Init
    main.o(i.main) refers to task3.o(i.TIMER2_Inter_Init) for TIMER2_Inter_Init
    main.o(i.main) refers to task2.o(i.Task2) for Task2
    main.o(i.main) refers to km_startup.o(.text) for WaitForInterrupt
    main.o(i.main) refers to task0.o(i.Task0) for Task0
    main.o(i.main) refers to task1.o(i.Task1) for Task1
    main.o(i.main) refers to task3.o(i.Task3) for Task3
    km_startup.o(STACK) refers (Special) to heapauxi.o(.text) for __use_two_region_memory
    km_startup.o(HEAP) refers (Special) to heapauxi.o(.text) for __use_two_region_memory
    km_startup.o(RESET) refers (Special) to heapauxi.o(.text) for __use_two_region_memory
    km_startup.o(RESET) refers to km_startup.o(STACK) for __initial_sp
    km_startup.o(RESET) refers to km_startup.o(.text) for Reset_Handler
    km_startup.o(RESET) refers to task0.o(i.TIMER0A_Handler) for TIMER0A_Handler
    km_startup.o(RESET) refers to task1.o(i.TIMER1A_Handler) for TIMER1A_Handler
    km_startup.o(RESET) refers to task3.o(i.TIMER2A_Handler) for TIMER2A_Handler
    km_startup.o(.text) refers (Special) to heapauxi.o(.text) for __use_two_region_memory
    km_startup.o(.text) refers to main.o(i.main) for main
    km_startup.o(.text) refers to km_startup.o(HEAP) for Heap_Mem
    km_startup.o(.text) refers to km_startup.o(STACK) for Stack_Mem
    task0.o(i.TIMER0A_Handler) refers to task0.o(.data) for PeriodicTask0
    task0.o(i.TIMER0_Init) refers to task0.o(.data) for PeriodicTask0
    task0.o(i.TIMER0_Inter_Init) refers to km_startup.o(.text) for EnableInterrupts
    task0.o(i.Task0) refers to dht11.o(i.DHT11_Request) for DHT11_Request
    task0.o(i.Task0) refers to dht11.o(i.DHT11_Response) for DHT11_Response
    task0.o(i.Task0) refers to dht11.o(i.DHT11_Rx_Data) for DHT11_Rx_Data
    task0.o(i.Task0) refers to task0.o(.data) for hum
    task1.o(i.RTC_Read) refers to task1.o(.bss) for read
    task1.o(i.RTC_Write) refers to rt_memcpy_w.o(.text) for __aeabi_memcpy4
    task1.o(i.RTC_Write) refers to task1.o(.constdata) for .constdata
    task1.o(i.TIMER1A_Handler) refers to task1.o(.data) for PeriodicTask1
    task1.o(i.TIMER1_Init) refers to i2c.o(i.KM_I2C0_Init) for KM_I2C0_Init
    task1.o(i.TIMER1_Init) refers to task1.o(i.I2C0_Config) for I2C0_Config
    task1.o(i.TIMER1_Init) refers to task1.o(.data) for PeriodicTask1
    task1.o(i.TIMER1_Inter_Init) refers to km_startup.o(.text) for EnableInterrupts
    task1.o(i.Task1) refers to task1.o(i.RTC_Write) for RTC_Write
    task1.o(i.Task1) refers to task1.o(i.RTC_Read) for RTC_Read
    task2.o(i.Task2) refers to lcd.o(i.KM_LCD_Write_Cmd) for KM_LCD_Write_Cmd
    task2.o(i.Task2) refers to lcd.o(i.KM_itoa) for KM_itoa
    task2.o(i.Task2) refers to lcd.o(i.KM_LCD_Write_Str) for KM_LCD_Write_Str
    task2.o(i.Task2) refers to task1.o(.bss) for read
    task2.o(i.Task2) refers to task0.o(.data) for temp
    task3.o(i.TIMER2A_Handler) refers to task3.o(.data) for PeriodicTask3
    task3.o(i.TIMER2_Init) refers to task3.o(.data) for PeriodicTask3
    task3.o(i.TIMER2_Inter_Init) refers to km_startup.o(.text) for EnableInterrupts
    task3.o(i.Task3) refers to task3.o(i.send_data_to_wifi) for send_data_to_wifi
    task3.o(i.Task3) refers to task3.o(.data) for flag
    task3.o(i.Task4) refers to task3.o(i.wifi) for wifi
    task3.o(i.Task4) refers to task3.o(.data) for flag
    task3.o(i.send_data_to_wifi) refers to _printf_percent.o(.ARM.Collect$$_printf_percent$$00000000) for _printf_percent
    task3.o(i.send_data_to_wifi) refers to _printf_d.o(.ARM.Collect$$_printf_percent$$00000009) for _printf_d
    task3.o(i.send_data_to_wifi) refers to _printf_dec.o(.text) for _printf_int_dec
    task3.o(i.send_data_to_wifi) refers to uart2.o(i.KM_UART2_OutString) for KM_UART2_OutString
    task3.o(i.send_data_to_wifi) refers to task3.o(i.wifi_response) for wifi_response
    task3.o(i.send_data_to_wifi) refers to noretval__2sprintf.o(.text) for __2sprintf
    task3.o(i.send_data_to_wifi) refers to systicktimer.o(i.KM_delay_ms) for KM_delay_ms
    task3.o(i.send_data_to_wifi) refers to task3.o(.data) for set
    task3.o(i.send_data_to_wifi) refers to task0.o(.data) for hum
    task3.o(i.send_data_to_wifi) refers to task3.o(.bss) for Fetch
    task3.o(i.wifi) refers to uart2.o(i.KM_UART2_Config) for KM_UART2_Config
    task3.o(i.wifi) refers to uart2.o(i.KM_UART2_OutString) for KM_UART2_OutString
    task3.o(i.wifi) refers to task3.o(i.wifi_response) for wifi_response
    task3.o(i.wifi) refers to task3.o(.data) for set
    task3.o(i.wifi_response) refers to uart2.o(i.KM_UART2_InChar) for KM_UART2_InChar
    task3.o(i.wifi_response) refers to task3.o(.bss) for buffer
    lcd.o(i.KM_LCD_Init) refers to systicktimer.o(i.KM_delay_ms) for KM_delay_ms
    lcd.o(i.KM_LCD_Init) refers to lcd.o(i.write_high_nibble) for write_high_nibble
    lcd.o(i.KM_LCD_Init) refers to lcd.o(i.KM_LCD_Write_Cmd) for KM_LCD_Write_Cmd
    lcd.o(i.KM_LCD_Write_Cmd) refers to lcd.o(i.write_high_nibble) for write_high_nibble
    lcd.o(i.KM_LCD_Write_Cmd) refers to lcd.o(i.write_low_nibble) for write_low_nibble
    lcd.o(i.KM_LCD_Write_Data) refers to lcd.o(i.write_high_nibble) for write_high_nibble
    lcd.o(i.KM_LCD_Write_Data) refers to lcd.o(i.write_low_nibble) for write_low_nibble
    lcd.o(i.KM_LCD_Write_Str) refers to lcd.o(i.KM_LCD_Write_Data) for KM_LCD_Write_Data
    lcd.o(i.KM_itoa) refers to lcd.o(.bss) for str
    lcd.o(i.write_high_nibble) refers to systicktimer.o(i.KM_delay_ms) for KM_delay_ms
    lcd.o(i.write_low_nibble) refers to systicktimer.o(i.KM_delay_ms) for KM_delay_ms
    i2c.o(i.KM_I2C0_ReadRegByte) refers to i2c.o(i.KM_I2C0_Send1) for KM_I2C0_Send1
    i2c.o(i.KM_I2C0_ReadRegByte) refers to i2c.o(i.KM_I2C0_Recv) for KM_I2C0_Recv
    kmboard.o(i.KM_Board_Init) refers to pll.o(i.KM_PLL_Init) for KM_PLL_Init
    kmboard.o(i.KM_Board_Init) refers to systicktimer.o(i.KM_SysTick_Init) for KM_SysTick_Init
    dht11.o(i.DHT11_Init) refers to systicktimer.o(i.KM_delay_ms) for KM_delay_ms
    dht11.o(i.DHT11_Request) refers to systicktimer.o(i.KM_delay_ms) for KM_delay_ms
    dht11.o(i.DHT11_Response) refers to dht11.o(i.CheckHigh) for CheckHigh
    dht11.o(i.DHT11_Response) refers to dht11.o(i.CheckLow) for CheckLow
    dht11.o(i.DHT11_Rx_Data) refers to dht11.o(i.CheckHigh) for CheckHigh
    dht11.o(i.DHT11_Rx_Data) refers to dht11.o(i.CheckLow) for CheckLow
    dht11.o(i.DHT11_Rx_Data) refers to systicktimer.o(i.KM_delay_us) for KM_delay_us
    dht11.o(i.KM_DHT11) refers to dht11.o(i.DHT11_Request) for DHT11_Request
    dht11.o(i.KM_DHT11) refers to dht11.o(i.DHT11_Response) for DHT11_Response
    dht11.o(i.KM_DHT11) refers to dht11.o(i.DHT11_Rx_Data) for DHT11_Rx_Data
    dht11.o(i.itoa) refers to systicktimer.o(i.KM_delay_ms) for KM_delay_ms
    dht11.o(i.itoa) refers to dht11.o(.bss) for str
    uart2.o(i.KM_UART2_InString) refers to uart2.o(i.KM_UART2_InChar) for KM_UART2_InChar
    uart2.o(i.KM_UART2_InString) refers to uart2.o(i.KM_UART2_OutChar) for KM_UART2_OutChar
    uart2.o(i.KM_UART2_OutString) refers to uart2.o(i.KM_UART2_OutChar) for KM_UART2_OutChar
    __2sprintf.o(.text) refers to _printf_char_common.o(.text) for _printf_char_common
    __2sprintf.o(.text) refers to _sputc.o(.text) for _sputc
    noretval__2sprintf.o(.text) refers to _printf_char_common.o(.text) for _printf_char_common
    noretval__2sprintf.o(.text) refers to _sputc.o(.text) for _sputc
    __printf.o(.text) refers to _printf_percent.o(.ARM.Collect$$_printf_percent$$00000000) for _printf_percent
    _printf_dec.o(.text) refers to _printf_intcommon.o(.text) for _printf_int_common
    __printf_flags.o(.text) refers to _printf_percent.o(.ARM.Collect$$_printf_percent$$00000000) for _printf_percent
    __printf_flags.o(.text) refers to __printf_flags.o(.constdata) for .constdata
    __printf_ss.o(.text) refers to _printf_percent.o(.ARM.Collect$$_printf_percent$$00000000) for _printf_percent
    __printf_flags_ss.o(.text) refers to _printf_percent.o(.ARM.Collect$$_printf_percent$$00000000) for _printf_percent
    __printf_flags_ss.o(.text) refers to __printf_flags_ss.o(.constdata) for .constdata
    __printf_wp.o(.text) refers to __printf_wp.o(i._is_digit) for _is_digit
    __printf_wp.o(.text) refers to _printf_percent.o(.ARM.Collect$$_printf_percent$$00000000) for _printf_percent
    __printf_flags_wp.o(.text) refers to __printf_wp.o(i._is_digit) for _is_digit
    __printf_flags_wp.o(.text) refers to _printf_percent.o(.ARM.Collect$$_printf_percent$$00000000) for _printf_percent
    __printf_flags_wp.o(.text) refers to __printf_flags_wp.o(.constdata) for .constdata
    __printf_ss_wp.o(.text) refers to __printf_wp.o(i._is_digit) for _is_digit
    __printf_ss_wp.o(.text) refers to _printf_percent.o(.ARM.Collect$$_printf_percent$$00000000) for _printf_percent
    __printf_flags_ss_wp.o(.text) refers to __printf_wp.o(i._is_digit) for _is_digit
    __printf_flags_ss_wp.o(.text) refers to _printf_percent.o(.ARM.Collect$$_printf_percent$$00000000) for _printf_percent
    __printf_flags_ss_wp.o(.text) refers to __printf_flags_ss_wp.o(.constdata) for .constdata
    _printf_d.o(.ARM.Collect$$_printf_percent$$00000009) refers (Weak) to _printf_dec.o(.text) for _printf_int_dec
    _printf_percent.o(.ARM.Collect$$_printf_percent$$00000000) refers (Special) to _printf_percent_end.o(.ARM.Collect$$_printf_percent$$00000017) for _printf_percent_end
    __main.o(!!!main) refers to __rtentry.o(.ARM.Collect$$rtentry$$00000000) for __rt_entry
    __rtentry.o(.ARM.Collect$$rtentry$$00000000) refers (Special) to __rtentry2.o(.ARM.Collect$$rtentry$$0000000A) for __rt_entry_li
    __rtentry.o(.ARM.Collect$$rtentry$$00000000) refers (Special) to __rtentry2.o(.ARM.Collect$$rtentry$$0000000D) for __rt_entry_main
    __rtentry.o(.ARM.Collect$$rtentry$$00000000) refers (Special) to __rtentry2.o(.ARM.Collect$$rtentry$$0000000C) for __rt_entry_postli_1
    __rtentry.o(.ARM.Collect$$rtentry$$00000000) refers (Special) to __rtentry2.o(.ARM.Collect$$rtentry$$00000009) for __rt_entry_postsh_1
    __rtentry.o(.ARM.Collect$$rtentry$$00000000) refers (Special) to __rtentry2.o(.ARM.Collect$$rtentry$$00000002) for __rt_entry_presh_1
    __rtentry.o(.ARM.Collect$$rtentry$$00000000) refers (Special) to __rtentry4.o(.ARM.Collect$$rtentry$$00000004) for __rt_entry_sh
    _printf_char_common.o(.text) refers to __printf.o(.text) for __printf
    __rtentry2.o(.ARM.Collect$$rtentry$$00000008) refers to boardinit2.o(.text) for _platform_post_stackheap_init
    __rtentry2.o(.ARM.Collect$$rtentry$$0000000A) refers to libinit.o(.ARM.Collect$$libinit$$00000000) for __rt_lib_init
    __rtentry2.o(.ARM.Collect$$rtentry$$0000000B) refers to boardinit3.o(.text) for _platform_post_lib_init
    __rtentry2.o(.ARM.Collect$$rtentry$$0000000D) refers to main.o(i.main) for main
    __rtentry2.o(.ARM.Collect$$rtentry$$0000000D) refers to exit.o(.text) for exit
    __rtentry2.o(.ARM.exidx) refers to __rtentry2.o(.ARM.Collect$$rtentry$$00000001) for .ARM.Collect$$rtentry$$00000001
    __rtentry2.o(.ARM.exidx) refers to __rtentry2.o(.ARM.Collect$$rtentry$$00000008) for .ARM.Collect$$rtentry$$00000008
    __rtentry2.o(.ARM.exidx) refers to __rtentry2.o(.ARM.Collect$$rtentry$$0000000A) for .ARM.Collect$$rtentry$$0000000A
    __rtentry2.o(.ARM.exidx) refers to __rtentry2.o(.ARM.Collect$$rtentry$$0000000B) for .ARM.Collect$$rtentry$$0000000B
    __rtentry2.o(.ARM.exidx) refers to __rtentry2.o(.ARM.Collect$$rtentry$$0000000D) for .ARM.Collect$$rtentry$$0000000D
    __rtentry4.o(.ARM.Collect$$rtentry$$00000004) refers to sys_stackheap_outer.o(.text) for __user_setup_stackheap
    __rtentry4.o(.ARM.exidx) refers to __rtentry4.o(.ARM.Collect$$rtentry$$00000004) for .ARM.Collect$$rtentry$$00000004
    sys_stackheap_outer.o(.text) refers to libspace.o(.text) for __user_perproc_libspace
    sys_stackheap_outer.o(.text) refers to km_startup.o(.text) for __user_initial_stackheap
    exit.o(.text) refers to rtexit.o(.ARM.Collect$$rtexit$$00000000) for __rt_exit
    libinit.o(.ARM.Collect$$libinit$$00000000) refers (Special) to libinit2.o(.ARM.Collect$$libinit$$0000002E) for __rt_lib_init_alloca_1
    libinit.o(.ARM.Collect$$libinit$$00000000) refers (Special) to libinit2.o(.ARM.Collect$$libinit$$0000002C) for __rt_lib_init_argv_1
    libinit.o(.ARM.Collect$$libinit$$00000000) refers (Special) to libinit2.o(.ARM.Collect$$libinit$$0000001B) for __rt_lib_init_atexit_1
    libinit.o(.ARM.Collect$$libinit$$00000000) refers (Special) to libinit2.o(.ARM.Collect$$libinit$$00000021) for __rt_lib_init_clock_1
    libinit.o(.ARM.Collect$$libinit$$00000000) refers (Special) to libinit2.o(.ARM.Collect$$libinit$$00000032) for __rt_lib_init_cpp_1
    libinit.o(.ARM.Collect$$libinit$$00000000) refers (Special) to libinit2.o(.ARM.Collect$$libinit$$00000030) for __rt_lib_init_exceptions_1
    libinit.o(.ARM.Collect$$libinit$$00000000) refers (Special) to libinit2.o(.ARM.Collect$$libinit$$00000001) for __rt_lib_init_fp_1
    libinit.o(.ARM.Collect$$libinit$$00000000) refers (Special) to libinit2.o(.ARM.Collect$$libinit$$0000001F) for __rt_lib_init_fp_trap_1
    libinit.o(.ARM.Collect$$libinit$$00000000) refers (Special) to libinit2.o(.ARM.Collect$$libinit$$00000023) for __rt_lib_init_getenv_1
    libinit.o(.ARM.Collect$$libinit$$00000000) refers (Special) to libinit2.o(.ARM.Collect$$libinit$$0000000A) for __rt_lib_init_heap_1
    libinit.o(.ARM.Collect$$libinit$$00000000) refers (Special) to libinit2.o(.ARM.Collect$$libinit$$00000011) for __rt_lib_init_lc_collate_1
    libinit.o(.ARM.Collect$$libinit$$00000000) refers (Special) to libinit2.o(.ARM.Collect$$libinit$$00000013) for __rt_lib_init_lc_ctype_1
    libinit.o(.ARM.Collect$$libinit$$00000000) refers (Special) to libinit2.o(.ARM.Collect$$libinit$$00000015) for __rt_lib_init_lc_monetary_1
    libinit.o(.ARM.Collect$$libinit$$00000000) refers (Special) to libinit2.o(.ARM.Collect$$libinit$$00000017) for __rt_lib_init_lc_numeric_1
    libinit.o(.ARM.Collect$$libinit$$00000000) refers (Special) to libinit2.o(.ARM.Collect$$libinit$$00000019) for __rt_lib_init_lc_time_1
    libinit.o(.ARM.Collect$$libinit$$00000000) refers (Special) to libinit2.o(.ARM.Collect$$libinit$$00000004) for __rt_lib_init_preinit_1
    libinit.o(.ARM.Collect$$libinit$$00000000) refers (Special) to libinit2.o(.ARM.Collect$$libinit$$0000000E) for __rt_lib_init_rand_1
    libinit.o(.ARM.Collect$$libinit$$00000000) refers (Special) to libinit2.o(.ARM.Collect$$libinit$$00000033) for __rt_lib_init_return
    libinit.o(.ARM.Collect$$libinit$$00000000) refers (Special) to libinit2.o(.ARM.Collect$$libinit$$0000001D) for __rt_lib_init_signal_1
    libinit.o(.ARM.Collect$$libinit$$00000000) refers (Special) to libinit2.o(.ARM.Collect$$libinit$$00000025) for __rt_lib_init_stdio_1
    libinit.o(.ARM.Collect$$libinit$$00000000) refers (Special) to libinit2.o(.ARM.Collect$$libinit$$0000000C) for __rt_lib_init_user_alloc_1
    libspace.o(.text) refers to libspace.o(.bss) for __libspace_start
    rtexit.o(.ARM.Collect$$rtexit$$00000000) refers (Special) to rtexit2.o(.ARM.Collect$$rtexit$$00000004) for __rt_exit_exit
    rtexit.o(.ARM.Collect$$rtexit$$00000000) refers (Special) to rtexit2.o(.ARM.Collect$$rtexit$$00000003) for __rt_exit_ls
    rtexit.o(.ARM.Collect$$rtexit$$00000000) refers (Special) to rtexit2.o(.ARM.Collect$$rtexit$$00000002) for __rt_exit_prels_1
    rtexit.o(.ARM.exidx) refers (Special) to rtexit2.o(.ARM.Collect$$rtexit$$00000004) for __rt_exit_exit
    rtexit.o(.ARM.exidx) refers (Special) to rtexit2.o(.ARM.Collect$$rtexit$$00000003) for __rt_exit_ls
    rtexit.o(.ARM.exidx) refers (Special) to rtexit2.o(.ARM.Collect$$rtexit$$00000002) for __rt_exit_prels_1
    rtexit.o(.ARM.exidx) refers to rtexit.o(.ARM.Collect$$rtexit$$00000000) for .ARM.Collect$$rtexit$$00000000
    libinit2.o(.ARM.Collect$$libinit$$00000001) refers to fpinit.o(x$fpl$fpinit) for _fp_init
    libinit2.o(.ARM.Collect$$libinit$$00000010) refers to libinit2.o(.ARM.Collect$$libinit$$0000000F) for .ARM.Collect$$libinit$$0000000F
    libinit2.o(.ARM.Collect$$libinit$$00000012) refers to libinit2.o(.ARM.Collect$$libinit$$0000000F) for .ARM.Collect$$libinit$$0000000F
    libinit2.o(.ARM.Collect$$libinit$$00000014) refers to libinit2.o(.ARM.Collect$$libinit$$0000000F) for .ARM.Collect$$libinit$$0000000F
    libinit2.o(.ARM.Collect$$libinit$$00000016) refers to libinit2.o(.ARM.Collect$$libinit$$0000000F) for .ARM.Collect$$libinit$$0000000F
    libinit2.o(.ARM.Collect$$libinit$$00000018) refers to libinit2.o(.ARM.Collect$$libinit$$0000000F) for .ARM.Collect$$libinit$$0000000F
    libinit2.o(.ARM.Collect$$libinit$$00000026) refers to argv_veneer.o(.emb_text) for __ARM_argv_veneer
    libinit2.o(.ARM.Collect$$libinit$$00000027) refers to argv_veneer.o(.emb_text) for __ARM_argv_veneer
    rtexit2.o(.ARM.Collect$$rtexit$$00000003) refers to libshutdown.o(.ARM.Collect$$libshutdown$$00000000) for __rt_lib_shutdown
    rtexit2.o(.ARM.Collect$$rtexit$$00000004) refers to sys_exit.o(.text) for _sys_exit
    rtexit2.o(.ARM.exidx) refers to rtexit2.o(.ARM.Collect$$rtexit$$00000001) for .ARM.Collect$$rtexit$$00000001
    rtexit2.o(.ARM.exidx) refers to rtexit2.o(.ARM.Collect$$rtexit$$00000003) for .ARM.Collect$$rtexit$$00000003
    rtexit2.o(.ARM.exidx) refers to rtexit2.o(.ARM.Collect$$rtexit$$00000004) for .ARM.Collect$$rtexit$$00000004
    argv_veneer.o(.emb_text) refers to no_argv.o(.text) for __ARM_get_argv
    sys_exit.o(.text) refers (Special) to use_no_semi.o(.text) for __I$use$semihosting
    sys_exit.o(.text) refers (Special) to indicate_semi.o(.text) for __semihosting_library_function
    _get_argv_nomalloc.o(.text) refers (Special) to hrguard.o(.text) for __heap_region$guard
    _get_argv_nomalloc.o(.text) refers to defsig_rtmem_outer.o(.text) for __rt_SIGRTMEM
    _get_argv_nomalloc.o(.text) refers to sys_command.o(.text) for _sys_command_string
    libshutdown.o(.ARM.Collect$$libshutdown$$00000000) refers (Special) to libshutdown2.o(.ARM.Collect$$libshutdown$$00000002) for __rt_lib_shutdown_cpp_1
    libshutdown.o(.ARM.Collect$$libshutdown$$00000000) refers (Special) to libshutdown2.o(.ARM.Collect$$libshutdown$$00000007) for __rt_lib_shutdown_fp_trap_1
    libshutdown.o(.ARM.Collect$$libshutdown$$00000000) refers (Special) to libshutdown2.o(.ARM.Collect$$libshutdown$$0000000F) for __rt_lib_shutdown_heap_1
    libshutdown.o(.ARM.Collect$$libshutdown$$00000000) refers (Special) to libshutdown2.o(.ARM.Collect$$libshutdown$$00000010) for __rt_lib_shutdown_return
    libshutdown.o(.ARM.Collect$$libshutdown$$00000000) refers (Special) to libshutdown2.o(.ARM.Collect$$libshutdown$$0000000A) for __rt_lib_shutdown_signal_1
    libshutdown.o(.ARM.Collect$$libshutdown$$00000000) refers (Special) to libshutdown2.o(.ARM.Collect$$libshutdown$$00000004) for __rt_lib_shutdown_stdio_1
    libshutdown.o(.ARM.Collect$$libshutdown$$00000000) refers (Special) to libshutdown2.o(.ARM.Collect$$libshutdown$$0000000C) for __rt_lib_shutdown_user_alloc_1
    sys_command.o(.text) refers (Special) to use_no_semi.o(.text) for __I$use$semihosting
    sys_command.o(.text) refers (Special) to indicate_semi.o(.text) for __semihosting_library_function
    defsig_rtmem_outer.o(.text) refers to defsig_rtmem_inner.o(.text) for __rt_SIGRTMEM_inner
    defsig_rtmem_outer.o(.text) refers to defsig_exit.o(.text) for __sig_exit
    defsig_rtmem_formal.o(.text) refers to rt_raise.o(.text) for __rt_raise
    rt_raise.o(.text) refers to __raise.o(.text) for __raise
    rt_raise.o(.text) refers to sys_exit.o(.text) for _sys_exit
    defsig_exit.o(.text) refers to sys_exit.o(.text) for _sys_exit
    defsig_rtmem_inner.o(.text) refers to defsig_general.o(.text) for __default_signal_display
    __raise.o(.text) refers to defsig.o(CL$$defsig) for __default_signal_handler
    defsig_general.o(.text) refers to sys_wrch.o(.text) for _ttywrch
    sys_wrch.o(.text) refers (Special) to use_no_semi.o(.text) for __I$use$semihosting
    sys_wrch.o(.text) refers (Special) to indicate_semi.o(.text) for __semihosting_library_function
    defsig.o(CL$$defsig) refers to defsig_rtmem_inner.o(.text) for __rt_SIGRTMEM_inner
    defsig_abrt_inner.o(.text) refers to defsig_general.o(.text) for __default_signal_display
    defsig_fpe_inner.o(.text) refers to defsig_general.o(.text) for __default_signal_display
    defsig_rtred_inner.o(.text) refers to defsig_general.o(.text) for __default_signal_display
    defsig_stak_inner.o(.text) refers to defsig_general.o(.text) for __default_signal_display
    defsig_pvfn_inner.o(.text) refers to defsig_general.o(.text) for __default_signal_display
    defsig_cppl_inner.o(.text) refers to defsig_general.o(.text) for __default_signal_display
    defsig_segv_inner.o(.text) refers to defsig_general.o(.text) for __default_signal_display
    defsig_other.o(.text) refers to defsig_general.o(.text) for __default_signal_display


==============================================================================

Removing Unused input sections from the image.

    Removing lcd.o(i.KM_LCD_Init), (108 bytes).
    Removing lcd.o(.data), (8 bytes).
    Removing i2c.o(i.KM_I2C0_ReadRegByte), (24 bytes).
    Removing i2c.o(i.KM_I2C0_Recv), (80 bytes).
    Removing i2c.o(i.KM_I2C0_Recv2), (120 bytes).
    Removing i2c.o(i.KM_I2C0_Recv_Slave), (48 bytes).
    Removing i2c.o(i.KM_I2C0_Send1), (76 bytes).
    Removing i2c.o(i.KM_I2C0_Send2), (124 bytes).
    Removing dht11.o(i.DHT11_Init), (30 bytes).
    Removing dht11.o(i.KM_DHT11), (74 bytes).
    Removing dht11.o(i.itoa), (108 bytes).
    Removing dht11.o(.bss), (10 bytes).
    Removing uart2.o(i.KM_UART2_InString), (66 bytes).
    Removing uart2.o(i.KM_UART2_Interrupt), (40 bytes).

14 unused section(s) (total 916 bytes) removed from the image.

==============================================================================

Image Symbol Table

    Local Symbols

    Symbol Name                              Value     Ov Type        Size  Object(Section)

    RESET                                    0x00000000   Section      620  km_startup.o(RESET)
    ../clib/angel/boardlib.s                 0x00000000   Number         0  boardshut.o ABSOLUTE
    ../clib/angel/boardlib.s                 0x00000000   Number         0  boardinit3.o ABSOLUTE
    ../clib/angel/boardlib.s                 0x00000000   Number         0  boardinit1.o ABSOLUTE
    ../clib/angel/boardlib.s                 0x00000000   Number         0  boardinit2.o ABSOLUTE
    ../clib/angel/handlers.s                 0x00000000   Number         0  __scatter_copy.o ABSOLUTE
    ../clib/angel/handlers.s                 0x00000000   Number         0  __scatter_zi.o ABSOLUTE
    ../clib/angel/kernel.s                   0x00000000   Number         0  __rtentry.o ABSOLUTE
    ../clib/angel/kernel.s                   0x00000000   Number         0  rtexit2.o ABSOLUTE
    ../clib/angel/kernel.s                   0x00000000   Number         0  __rtentry2.o ABSOLUTE
    ../clib/angel/kernel.s                   0x00000000   Number         0  __rtentry4.o ABSOLUTE
    ../clib/angel/kernel.s                   0x00000000   Number         0  rtexit.o ABSOLUTE
    ../clib/angel/rt.s                       0x00000000   Number         0  rt_raise.o ABSOLUTE
    ../clib/angel/scatter.s                  0x00000000   Number         0  __scatter.o ABSOLUTE
    ../clib/angel/startup.s                  0x00000000   Number         0  __main.o ABSOLUTE
    ../clib/angel/sys.s                      0x00000000   Number         0  indicate_semi.o ABSOLUTE
    ../clib/angel/sys.s                      0x00000000   Number         0  use_no_semi.o ABSOLUTE
    ../clib/angel/sys.s                      0x00000000   Number         0  sys_stackheap_outer.o ABSOLUTE
    ../clib/angel/sys.s                      0x00000000   Number         0  libspace.o ABSOLUTE
    ../clib/angel/sysapp.c                   0x00000000   Number         0  sys_wrch.o ABSOLUTE
    ../clib/angel/sysapp.c                   0x00000000   Number         0  sys_exit.o ABSOLUTE
    ../clib/angel/sysapp.c                   0x00000000   Number         0  sys_command.o ABSOLUTE
    ../clib/armsys.c                         0x00000000   Number         0  _get_argv_nomalloc.o ABSOLUTE
    ../clib/armsys.c                         0x00000000   Number         0  argv_veneer.o ABSOLUTE
    ../clib/armsys.c                         0x00000000   Number         0  argv_veneer.o ABSOLUTE
    ../clib/armsys.c                         0x00000000   Number         0  no_argv.o ABSOLUTE
    ../clib/heapalloc.c                      0x00000000   Number         0  hrguard.o ABSOLUTE
    ../clib/heapaux.c                        0x00000000   Number         0  heapauxi.o ABSOLUTE
    ../clib/libinit.s                        0x00000000   Number         0  libinit.o ABSOLUTE
    ../clib/libinit.s                        0x00000000   Number         0  libshutdown.o ABSOLUTE
    ../clib/libinit.s                        0x00000000   Number         0  libinit2.o ABSOLUTE
    ../clib/libinit.s                        0x00000000   Number         0  libshutdown2.o ABSOLUTE
    ../clib/memcpset.s                       0x00000000   Number         0  rt_memcpy_w.o ABSOLUTE
    ../clib/printf.c                         0x00000000   Number         0  _printf_char_common.o ABSOLUTE
    ../clib/printf.c                         0x00000000   Number         0  _printf_intcommon.o ABSOLUTE
    ../clib/printf.c                         0x00000000   Number         0  __printf_flags_ss_wp.o ABSOLUTE
    ../clib/printf.c                         0x00000000   Number         0  __printf_ss_wp.o ABSOLUTE
    ../clib/printf.c                         0x00000000   Number         0  __printf_flags_wp.o ABSOLUTE
    ../clib/printf.c                         0x00000000   Number         0  __2sprintf.o ABSOLUTE
    ../clib/printf.c                         0x00000000   Number         0  __printf_wp.o ABSOLUTE
    ../clib/printf.c                         0x00000000   Number         0  noretval__2sprintf.o ABSOLUTE
    ../clib/printf.c                         0x00000000   Number         0  __printf_flags_ss.o ABSOLUTE
    ../clib/printf.c                         0x00000000   Number         0  __printf_ss.o ABSOLUTE
    ../clib/printf.c                         0x00000000   Number         0  _printf_dec.o ABSOLUTE
    ../clib/printf.c                         0x00000000   Number         0  __printf_nopercent.o ABSOLUTE
    ../clib/printf.c                         0x00000000   Number         0  __printf_flags.o ABSOLUTE
    ../clib/printf.c                         0x00000000   Number         0  _sputc.o ABSOLUTE
    ../clib/printf.c                         0x00000000   Number         0  __printf.o ABSOLUTE
    ../clib/printf_percent.s                 0x00000000   Number         0  _printf_percent.o ABSOLUTE
    ../clib/printf_percent.s                 0x00000000   Number         0  _printf_percent_end.o ABSOLUTE
    ../clib/printf_percent.s                 0x00000000   Number         0  _printf_d.o ABSOLUTE
    ../clib/signal.c                         0x00000000   Number         0  defsig_segv_inner.o ABSOLUTE
    ../clib/signal.c                         0x00000000   Number         0  defsig_cppl_inner.o ABSOLUTE
    ../clib/signal.c                         0x00000000   Number         0  defsig_other.o ABSOLUTE
    ../clib/signal.c                         0x00000000   Number         0  defsig_pvfn_inner.o ABSOLUTE
    ../clib/signal.c                         0x00000000   Number         0  defsig_stak_inner.o ABSOLUTE
    ../clib/signal.c                         0x00000000   Number         0  defsig_rtred_inner.o ABSOLUTE
    ../clib/signal.c                         0x00000000   Number         0  defsig_fpe_inner.o ABSOLUTE
    ../clib/signal.c                         0x00000000   Number         0  defsig_general.o ABSOLUTE
    ../clib/signal.c                         0x00000000   Number         0  defsig_rtmem_inner.o ABSOLUTE
    ../clib/signal.c                         0x00000000   Number         0  defsig_exit.o ABSOLUTE
    ../clib/signal.c                         0x00000000   Number         0  __raise.o ABSOLUTE
    ../clib/signal.c                         0x00000000   Number         0  defsig_rtmem_formal.o ABSOLUTE
    ../clib/signal.c                         0x00000000   Number         0  defsig_rtmem_outer.o ABSOLUTE
    ../clib/signal.c                         0x00000000   Number         0  defsig_abrt_inner.o ABSOLUTE
    ../clib/signal.s                         0x00000000   Number         0  defsig.o ABSOLUTE
    ../clib/stdlib.c                         0x00000000   Number         0  exit.o ABSOLUTE
    ../fplib/fpinit.s                        0x00000000   Number         0  fpinit.o ABSOLUTE
    SysTickTimer.c                           0x00000000   Number         0  systicktimer.o ABSOLUTE
    dc.s                                     0x00000000   Number         0  dc.o ABSOLUTE
    dht11.c                                  0x00000000   Number         0  dht11.o ABSOLUTE
    i2c.c                                    0x00000000   Number         0  i2c.o ABSOLUTE
    km_startup.s                             0x00000000   Number         0  km_startup.o ABSOLUTE
    kmboard.c                                0x00000000   Number         0  kmboard.o ABSOLUTE
    lcd.c                                    0x00000000   Number         0  lcd.o ABSOLUTE
    main.c                                   0x00000000   Number         0  main.o ABSOLUTE
    pll.c                                    0x00000000   Number         0  pll.o ABSOLUTE
    task0.c                                  0x00000000   Number         0  task0.o ABSOLUTE
    task1.c                                  0x00000000   Number         0  task1.o ABSOLUTE
    task2.c                                  0x00000000   Number         0  task2.o ABSOLUTE
    task3.c                                  0x00000000   Number         0  task3.o ABSOLUTE
    uart2.c                                  0x00000000   Number         0  uart2.o ABSOLUTE
    !!!main                                  0x0000026c   Section        8  __main.o(!!!main)
    !!!scatter                               0x00000274   Section       52  __scatter.o(!!!scatter)
    !!handler_copy                           0x000002a8   Section       26  __scatter_copy.o(!!handler_copy)
    !!handler_zi                             0x000002c4   Section       28  __scatter_zi.o(!!handler_zi)
    .ARM.Collect$$_printf_percent$$00000000  0x000002e0   Section        0  _printf_percent.o(.ARM.Collect$$_printf_percent$$00000000)
    .ARM.Collect$$_printf_percent$$00000009  0x000002e0   Section        6  _printf_d.o(.ARM.Collect$$_printf_percent$$00000009)
    .ARM.Collect$$_printf_percent$$00000017  0x000002e6   Section        4  _printf_percent_end.o(.ARM.Collect$$_printf_percent$$00000017)
    .ARM.Collect$$libinit$$00000000          0x000002ea   Section        2  libinit.o(.ARM.Collect$$libinit$$00000000)
    .ARM.Collect$$libinit$$00000001          0x000002ec   Section        4  libinit2.o(.ARM.Collect$$libinit$$00000001)
    .ARM.Collect$$libinit$$00000004          0x000002f0   Section        0  libinit2.o(.ARM.Collect$$libinit$$00000004)
    .ARM.Collect$$libinit$$0000000A          0x000002f0   Section        0  libinit2.o(.ARM.Collect$$libinit$$0000000A)
    .ARM.Collect$$libinit$$0000000C          0x000002f0   Section        0  libinit2.o(.ARM.Collect$$libinit$$0000000C)
    .ARM.Collect$$libinit$$0000000E          0x000002f0   Section        0  libinit2.o(.ARM.Collect$$libinit$$0000000E)
    .ARM.Collect$$libinit$$00000011          0x000002f0   Section        0  libinit2.o(.ARM.Collect$$libinit$$00000011)
    .ARM.Collect$$libinit$$00000013          0x000002f0   Section        0  libinit2.o(.ARM.Collect$$libinit$$00000013)
    .ARM.Collect$$libinit$$00000015          0x000002f0   Section        0  libinit2.o(.ARM.Collect$$libinit$$00000015)
    .ARM.Collect$$libinit$$00000017          0x000002f0   Section        0  libinit2.o(.ARM.Collect$$libinit$$00000017)
    .ARM.Collect$$libinit$$00000019          0x000002f0   Section        0  libinit2.o(.ARM.Collect$$libinit$$00000019)
    .ARM.Collect$$libinit$$0000001B          0x000002f0   Section        0  libinit2.o(.ARM.Collect$$libinit$$0000001B)
    .ARM.Collect$$libinit$$0000001D          0x000002f0   Section        0  libinit2.o(.ARM.Collect$$libinit$$0000001D)
    .ARM.Collect$$libinit$$0000001F          0x000002f0   Section        0  libinit2.o(.ARM.Collect$$libinit$$0000001F)
    .ARM.Collect$$libinit$$00000021          0x000002f0   Section        0  libinit2.o(.ARM.Collect$$libinit$$00000021)
    .ARM.Collect$$libinit$$00000023          0x000002f0   Section        0  libinit2.o(.ARM.Collect$$libinit$$00000023)
    .ARM.Collect$$libinit$$00000025          0x000002f0   Section        0  libinit2.o(.ARM.Collect$$libinit$$00000025)
    .ARM.Collect$$libinit$$0000002C          0x000002f0   Section        0  libinit2.o(.ARM.Collect$$libinit$$0000002C)
    .ARM.Collect$$libinit$$0000002E          0x000002f0   Section        0  libinit2.o(.ARM.Collect$$libinit$$0000002E)
    .ARM.Collect$$libinit$$00000030          0x000002f0   Section        0  libinit2.o(.ARM.Collect$$libinit$$00000030)
    .ARM.Collect$$libinit$$00000032          0x000002f0   Section        0  libinit2.o(.ARM.Collect$$libinit$$00000032)
    .ARM.Collect$$libinit$$00000033          0x000002f0   Section        2  libinit2.o(.ARM.Collect$$libinit$$00000033)
    .ARM.Collect$$libshutdown$$00000000      0x000002f2   Section        2  libshutdown.o(.ARM.Collect$$libshutdown$$00000000)
    .ARM.Collect$$libshutdown$$00000002      0x000002f4   Section        0  libshutdown2.o(.ARM.Collect$$libshutdown$$00000002)
    .ARM.Collect$$libshutdown$$00000004      0x000002f4   Section        0  libshutdown2.o(.ARM.Collect$$libshutdown$$00000004)
    .ARM.Collect$$libshutdown$$00000007      0x000002f4   Section        0  libshutdown2.o(.ARM.Collect$$libshutdown$$00000007)
    .ARM.Collect$$libshutdown$$0000000A      0x000002f4   Section        0  libshutdown2.o(.ARM.Collect$$libshutdown$$0000000A)
    .ARM.Collect$$libshutdown$$0000000C      0x000002f4   Section        0  libshutdown2.o(.ARM.Collect$$libshutdown$$0000000C)
    .ARM.Collect$$libshutdown$$0000000F      0x000002f4   Section        0  libshutdown2.o(.ARM.Collect$$libshutdown$$0000000F)
    .ARM.Collect$$libshutdown$$00000010      0x000002f4   Section        2  libshutdown2.o(.ARM.Collect$$libshutdown$$00000010)
    .ARM.Collect$$rtentry$$00000000          0x000002f6   Section        0  __rtentry.o(.ARM.Collect$$rtentry$$00000000)
    .ARM.Collect$$rtentry$$00000002          0x000002f6   Section        0  __rtentry2.o(.ARM.Collect$$rtentry$$00000002)
    .ARM.Collect$$rtentry$$00000004          0x000002f6   Section        6  __rtentry4.o(.ARM.Collect$$rtentry$$00000004)
    .ARM.Collect$$rtentry$$00000009          0x000002fc   Section        0  __rtentry2.o(.ARM.Collect$$rtentry$$00000009)
    .ARM.Collect$$rtentry$$0000000A          0x000002fc   Section        4  __rtentry2.o(.ARM.Collect$$rtentry$$0000000A)
    .ARM.Collect$$rtentry$$0000000C          0x00000300   Section        0  __rtentry2.o(.ARM.Collect$$rtentry$$0000000C)
    .ARM.Collect$$rtentry$$0000000D          0x00000300   Section        8  __rtentry2.o(.ARM.Collect$$rtentry$$0000000D)
    .ARM.Collect$$rtexit$$00000000           0x00000308   Section        2  rtexit.o(.ARM.Collect$$rtexit$$00000000)
    .ARM.Collect$$rtexit$$00000002           0x0000030a   Section        0  rtexit2.o(.ARM.Collect$$rtexit$$00000002)
    .ARM.Collect$$rtexit$$00000003           0x0000030a   Section        4  rtexit2.o(.ARM.Collect$$rtexit$$00000003)
    .ARM.Collect$$rtexit$$00000004           0x0000030e   Section        6  rtexit2.o(.ARM.Collect$$rtexit$$00000004)
    .text                                    0x00000314   Section      292  km_startup.o(.text)
    $v0                                      0x00000314   Number         0  km_startup.o(.text)
    .text                                    0x00000438   Section        0  noretval__2sprintf.o(.text)
    .text                                    0x00000460   Section        0  __printf.o(.text)
    .text                                    0x000004c8   Section        0  _printf_dec.o(.text)
    .text                                    0x00000540   Section      100  rt_memcpy_w.o(.text)
    .text                                    0x000005a4   Section        0  heapauxi.o(.text)
    .text                                    0x000005aa   Section        0  _printf_intcommon.o(.text)
    .text                                    0x0000065c   Section        0  _printf_char_common.o(.text)
    _printf_input_char                       0x0000065d   Thumb Code    10  _printf_char_common.o(.text)
    .text                                    0x0000068c   Section        0  _sputc.o(.text)
    .text                                    0x00000696   Section       74  sys_stackheap_outer.o(.text)
    .text                                    0x000006e0   Section        0  exit.o(.text)
    .text                                    0x000006f4   Section        8  libspace.o(.text)
    .text                                    0x000006fc   Section        0  sys_exit.o(.text)
    .text                                    0x00000708   Section        2  use_no_semi.o(.text)
    .text                                    0x0000070a   Section        0  indicate_semi.o(.text)
    i.CheckHigh                              0x0000070c   Section        0  dht11.o(i.CheckHigh)
    i.CheckLow                               0x00000724   Section        0  dht11.o(i.CheckLow)
    i.DHT11_Request                          0x0000073c   Section        0  dht11.o(i.DHT11_Request)
    i.DHT11_Response                         0x00000778   Section        0  dht11.o(i.DHT11_Response)
    i.DHT11_Rx_Data                          0x000007d4   Section        0  dht11.o(i.DHT11_Rx_Data)
    i.I2C0_Config                            0x00000818   Section        0  task1.o(i.I2C0_Config)
    i.KM_Board_Init                          0x00000830   Section        0  kmboard.o(i.KM_Board_Init)
    i.KM_I2C0_Init                           0x00000b64   Section        0  i2c.o(i.KM_I2C0_Init)
    i.KM_LCD_Write_Cmd                       0x00000b9c   Section        0  lcd.o(i.KM_LCD_Write_Cmd)
    i.KM_LCD_Write_Data                      0x00000bc4   Section        0  lcd.o(i.KM_LCD_Write_Data)
    i.KM_LCD_Write_Str                       0x00000bec   Section        0  lcd.o(i.KM_LCD_Write_Str)
    i.KM_PLL_Init                            0x00000c04   Section        0  pll.o(i.KM_PLL_Init)
    i.KM_SysTick_Init                        0x00000c80   Section        0  systicktimer.o(i.KM_SysTick_Init)
    i.KM_UART2_Config                        0x00000c90   Section        0  uart2.o(i.KM_UART2_Config)
    i.KM_UART2_InChar                        0x00000d00   Section        0  uart2.o(i.KM_UART2_InChar)
    i.KM_UART2_OutChar                       0x00000d1c   Section        0  uart2.o(i.KM_UART2_OutChar)
    i.KM_UART2_OutString                     0x00000d34   Section        0  uart2.o(i.KM_UART2_OutString)
    i.KM_delay_ms                            0x00000d4a   Section        0  systicktimer.o(i.KM_delay_ms)
    i.KM_delay_us                            0x00000d6e   Section        0  systicktimer.o(i.KM_delay_us)
    i.KM_itoa                                0x00000d90   Section        0  lcd.o(i.KM_itoa)
    i.RTC_Read                               0x00000df4   Section        0  task1.o(i.RTC_Read)
    i.RTC_Write                              0x00000eb4   Section        0  task1.o(i.RTC_Write)
    i.TIMER0A_Handler                        0x00000f44   Section        0  task0.o(i.TIMER0A_Handler)
    i.TIMER0_Init                            0x00000f6c   Section        0  task0.o(i.TIMER0_Init)
    i.TIMER0_Inter_Init                      0x00000fb4   Section        0  task0.o(i.TIMER0_Inter_Init)
    i.TIMER1A_Handler                        0x00000ffc   Section        0  task1.o(i.TIMER1A_Handler)
    i.TIMER1_Init                            0x00001024   Section        0  task1.o(i.TIMER1_Init)
    i.TIMER1_Inter_Init                      0x0000107c   Section        0  task1.o(i.TIMER1_Inter_Init)
    i.TIMER2A_Handler                        0x000010c4   Section        0  task3.o(i.TIMER2A_Handler)
    i.TIMER2_Init                            0x000010ec   Section        0  task3.o(i.TIMER2_Init)
    i.TIMER2_Inter_Init                      0x00001134   Section        0  task3.o(i.TIMER2_Inter_Init)
    i.Task0                                  0x0000117c   Section        0  task0.o(i.Task0)
    i.Task1                                  0x000011d8   Section        0  task1.o(i.Task1)
    i.Task2                                  0x000011ec   Section        0  task2.o(i.Task2)
    i.Task3                                  0x000012c4   Section        0  task3.o(i.Task3)
    i.Task4                                  0x000012d8   Section        0  task3.o(i.Task4)
    i.main                                   0x000012f0   Section        0  main.o(i.main)
    i.send_data_to_wifi                      0x00001344   Section        0  task3.o(i.send_data_to_wifi)
    i.wifi                                   0x00001448   Section        0  task3.o(i.wifi)
    i.wifi_response                          0x0000152c   Section        0  task3.o(i.wifi_response)
    i.write_high_nibble                      0x0000155c   Section        0  lcd.o(i.write_high_nibble)
    i.write_low_nibble                       0x000015ac   Section        0  lcd.o(i.write_low_nibble)
    x$fpl$fpinit                             0x000015fc   Section       10  fpinit.o(x$fpl$fpinit)
    $v0                                      0x000015fc   Number         0  fpinit.o(x$fpl$fpinit)
    .constdata                               0x00001608   Section       28  task1.o(.constdata)
    .data                                    0x20000000   Section       12  task0.o(.data)
    .data                                    0x2000000c   Section        4  task1.o(.data)
    .data                                    0x20000010   Section       12  task3.o(.data)
    .bss                                     0x2000001c   Section       28  task1.o(.bss)
    .bss                                     0x20000038   Section       60  task3.o(.bss)
    .bss                                     0x20000074   Section       10  lcd.o(.bss)
    str                                      0x20000074   Data          10  lcd.o(.bss)
    .bss                                     0x20000080   Section       96  libspace.o(.bss)
    HEAP                                     0x200000e0   Section        0  km_startup.o(HEAP)
    STACK                                    0x200000e0   Section      512  km_startup.o(STACK)
    Heap_Mem                                 0x200000e0   Data           0  km_startup.o(HEAP)
    Stack_Mem                                0x200000e0   Data         512  km_startup.o(STACK)
    __initial_sp                             0x200002e0   Data           0  km_startup.o(STACK)

    Global Symbols

    Symbol Name                              Value     Ov Type        Size  Object(Section)

    BuildAttributes$$THM_ISAv4$E$P$D$K$B$S$7EM$VFPi3$EXTD16$VFPS$VFMA$PE$A:L22UL41UL21$X:L11$S22US41US21$IEEE1$IW$USESV6$~STKCKD$USESV7$~SHL$OSPACE$ROPI$EBA8$UX$STANDARDLIB$REQ8$PRES8$EABIv2 0x00000000   Number         0  anon$$obj.o ABSOLUTE
    __ARM_use_no_argv                        0x00000000   Number         0  main.o ABSOLUTE
    __Vectors                                0x00000000   Data           4  km_startup.o(RESET)
    __ARM_exceptions_init                     - Undefined Weak Reference
    __alloca_initialize                       - Undefined Weak Reference
    __arm_preinit_                            - Undefined Weak Reference
    __cpp_initialize__aeabi_                  - Undefined Weak Reference
    __cxa_finalize                            - Undefined Weak Reference
    __rt_locale                               - Undefined Weak Reference
    __sigvec_lookup                           - Undefined Weak Reference
    _atexit_init                              - Undefined Weak Reference
    _call_atexit_fns                          - Undefined Weak Reference
    _clock_init                               - Undefined Weak Reference
    _fp_trap_init                             - Undefined Weak Reference
    _fp_trap_shutdown                         - Undefined Weak Reference
    _get_lc_collate                           - Undefined Weak Reference
    _get_lc_ctype                             - Undefined Weak Reference
    _get_lc_monetary                          - Undefined Weak Reference
    _get_lc_numeric                           - Undefined Weak Reference
    _get_lc_time                              - Undefined Weak Reference
    _getenv_init                              - Undefined Weak Reference
    _handle_redirection                       - Undefined Weak Reference
    _init_alloc                               - Undefined Weak Reference
    _init_user_alloc                          - Undefined Weak Reference
    _initio                                   - Undefined Weak Reference
    _printf_post_padding                      - Undefined Weak Reference
    _printf_pre_padding                       - Undefined Weak Reference
    _printf_truncate_signed                   - Undefined Weak Reference
    _printf_truncate_unsigned                 - Undefined Weak Reference
    _rand_init                                - Undefined Weak Reference
    _signal_finish                            - Undefined Weak Reference
    _signal_init                              - Undefined Weak Reference
    _terminate_alloc                          - Undefined Weak Reference
    _terminate_user_alloc                     - Undefined Weak Reference
    _terminateio                              - Undefined Weak Reference
    __Vectors_End                            0x0000026c   Data           0  km_startup.o(RESET)
    __Vectors_Size                           0x0000026c   Number         0  km_startup.o ABSOLUTE
    __main                                   0x0000026d   Thumb Code     8  __main.o(!!!main)
    __scatterload                            0x00000275   Thumb Code     0  __scatter.o(!!!scatter)
    __scatterload_rt2                        0x00000275   Thumb Code    44  __scatter.o(!!!scatter)
    __scatterload_rt2_thumb_only             0x00000275   Thumb Code     0  __scatter.o(!!!scatter)
    __scatterload_null                       0x00000283   Thumb Code     0  __scatter.o(!!!scatter)
    __scatterload_copy                       0x000002a9   Thumb Code    26  __scatter_copy.o(!!handler_copy)
    __scatterload_zeroinit                   0x000002c5   Thumb Code    28  __scatter_zi.o(!!handler_zi)
    _printf_d                                0x000002e1   Thumb Code     0  _printf_d.o(.ARM.Collect$$_printf_percent$$00000009)
    _printf_percent                          0x000002e1   Thumb Code     0  _printf_percent.o(.ARM.Collect$$_printf_percent$$00000000)
    _printf_percent_end                      0x000002e7   Thumb Code     0  _printf_percent_end.o(.ARM.Collect$$_printf_percent$$00000017)
    __rt_lib_init                            0x000002eb   Thumb Code     0  libinit.o(.ARM.Collect$$libinit$$00000000)
    __rt_lib_init_fp_1                       0x000002ed   Thumb Code     0  libinit2.o(.ARM.Collect$$libinit$$00000001)
    __rt_lib_init_alloca_1                   0x000002f1   Thumb Code     0  libinit2.o(.ARM.Collect$$libinit$$0000002E)
    __rt_lib_init_argv_1                     0x000002f1   Thumb Code     0  libinit2.o(.ARM.Collect$$libinit$$0000002C)
    __rt_lib_init_atexit_1                   0x000002f1   Thumb Code     0  libinit2.o(.ARM.Collect$$libinit$$0000001B)
    __rt_lib_init_clock_1                    0x000002f1   Thumb Code     0  libinit2.o(.ARM.Collect$$libinit$$00000021)
    __rt_lib_init_cpp_1                      0x000002f1   Thumb Code     0  libinit2.o(.ARM.Collect$$libinit$$00000032)
    __rt_lib_init_exceptions_1               0x000002f1   Thumb Code     0  libinit2.o(.ARM.Collect$$libinit$$00000030)
    __rt_lib_init_fp_trap_1                  0x000002f1   Thumb Code     0  libinit2.o(.ARM.Collect$$libinit$$0000001F)
    __rt_lib_init_getenv_1                   0x000002f1   Thumb Code     0  libinit2.o(.ARM.Collect$$libinit$$00000023)
    __rt_lib_init_heap_1                     0x000002f1   Thumb Code     0  libinit2.o(.ARM.Collect$$libinit$$0000000A)
    __rt_lib_init_lc_collate_1               0x000002f1   Thumb Code     0  libinit2.o(.ARM.Collect$$libinit$$00000011)
    __rt_lib_init_lc_ctype_1                 0x000002f1   Thumb Code     0  libinit2.o(.ARM.Collect$$libinit$$00000013)
    __rt_lib_init_lc_monetary_1              0x000002f1   Thumb Code     0  libinit2.o(.ARM.Collect$$libinit$$00000015)
    __rt_lib_init_lc_numeric_1               0x000002f1   Thumb Code     0  libinit2.o(.ARM.Collect$$libinit$$00000017)
    __rt_lib_init_lc_time_1                  0x000002f1   Thumb Code     0  libinit2.o(.ARM.Collect$$libinit$$00000019)
    __rt_lib_init_preinit_1                  0x000002f1   Thumb Code     0  libinit2.o(.ARM.Collect$$libinit$$00000004)
    __rt_lib_init_rand_1                     0x000002f1   Thumb Code     0  libinit2.o(.ARM.Collect$$libinit$$0000000E)
    __rt_lib_init_return                     0x000002f1   Thumb Code     0  libinit2.o(.ARM.Collect$$libinit$$00000033)
    __rt_lib_init_signal_1                   0x000002f1   Thumb Code     0  libinit2.o(.ARM.Collect$$libinit$$0000001D)
    __rt_lib_init_stdio_1                    0x000002f1   Thumb Code     0  libinit2.o(.ARM.Collect$$libinit$$00000025)
    __rt_lib_init_user_alloc_1               0x000002f1   Thumb Code     0  libinit2.o(.ARM.Collect$$libinit$$0000000C)
    __rt_lib_shutdown                        0x000002f3   Thumb Code     0  libshutdown.o(.ARM.Collect$$libshutdown$$00000000)
    __rt_lib_shutdown_cpp_1                  0x000002f5   Thumb Code     0  libshutdown2.o(.ARM.Collect$$libshutdown$$00000002)
    __rt_lib_shutdown_fp_trap_1              0x000002f5   Thumb Code     0  libshutdown2.o(.ARM.Collect$$libshutdown$$00000007)
    __rt_lib_shutdown_heap_1                 0x000002f5   Thumb Code     0  libshutdown2.o(.ARM.Collect$$libshutdown$$0000000F)
    __rt_lib_shutdown_return                 0x000002f5   Thumb Code     0  libshutdown2.o(.ARM.Collect$$libshutdown$$00000010)
    __rt_lib_shutdown_signal_1               0x000002f5   Thumb Code     0  libshutdown2.o(.ARM.Collect$$libshutdown$$0000000A)
    __rt_lib_shutdown_stdio_1                0x000002f5   Thumb Code     0  libshutdown2.o(.ARM.Collect$$libshutdown$$00000004)
    __rt_lib_shutdown_user_alloc_1           0x000002f5   Thumb Code     0  libshutdown2.o(.ARM.Collect$$libshutdown$$0000000C)
    __rt_entry                               0x000002f7   Thumb Code     0  __rtentry.o(.ARM.Collect$$rtentry$$00000000)
    __rt_entry_presh_1                       0x000002f7   Thumb Code     0  __rtentry2.o(.ARM.Collect$$rtentry$$00000002)
    __rt_entry_sh                            0x000002f7   Thumb Code     0  __rtentry4.o(.ARM.Collect$$rtentry$$00000004)
    __rt_entry_li                            0x000002fd   Thumb Code     0  __rtentry2.o(.ARM.Collect$$rtentry$$0000000A)
    __rt_entry_postsh_1                      0x000002fd   Thumb Code     0  __rtentry2.o(.ARM.Collect$$rtentry$$00000009)
    __rt_entry_main                          0x00000301   Thumb Code     0  __rtentry2.o(.ARM.Collect$$rtentry$$0000000D)
    __rt_entry_postli_1                      0x00000301   Thumb Code     0  __rtentry2.o(.ARM.Collect$$rtentry$$0000000C)
    __rt_exit                                0x00000309   Thumb Code     0  rtexit.o(.ARM.Collect$$rtexit$$00000000)
    __rt_exit_ls                             0x0000030b   Thumb Code     0  rtexit2.o(.ARM.Collect$$rtexit$$00000003)
    __rt_exit_prels_1                        0x0000030b   Thumb Code     0  rtexit2.o(.ARM.Collect$$rtexit$$00000002)
    __rt_exit_exit                           0x0000030f   Thumb Code     0  rtexit2.o(.ARM.Collect$$rtexit$$00000004)
    DisableInterrupts                        0x00000315   Thumb Code     0  km_startup.o(.text)
    EnableInterrupts                         0x00000319   Thumb Code     0  km_startup.o(.text)
    StartCritical                            0x0000031d   Thumb Code     0  km_startup.o(.text)
    EndCritical                              0x00000325   Thumb Code     0  km_startup.o(.text)
    WaitForInterrupt                         0x0000032b   Thumb Code     0  km_startup.o(.text)
    Reset_Handler                            0x0000032f   Thumb Code     4  km_startup.o(.text)
    NMI_Handler                              0x00000333   Thumb Code     2  km_startup.o(.text)
    HardFault_Handler                        0x00000335   Thumb Code     2  km_startup.o(.text)
    MemManage_Handler                        0x00000337   Thumb Code     2  km_startup.o(.text)
    BusFault_Handler                         0x00000339   Thumb Code     2  km_startup.o(.text)
    UsageFault_Handler                       0x0000033b   Thumb Code     2  km_startup.o(.text)
    SVC_Handler                              0x0000033d   Thumb Code     2  km_startup.o(.text)
    DebugMon_Handler                         0x0000033f   Thumb Code     2  km_startup.o(.text)
    PendSV_Handler                           0x00000341   Thumb Code     2  km_startup.o(.text)
    SysTick_Handler                          0x00000343   Thumb Code     2  km_startup.o(.text)
    GPIOA_Handler                            0x00000345   Thumb Code     2  km_startup.o(.text)
    GPIOB_Handler                            0x00000347   Thumb Code     2  km_startup.o(.text)
    GPIOC_Handler                            0x00000349   Thumb Code     2  km_startup.o(.text)
    GPIOD_Handler                            0x0000034b   Thumb Code     2  km_startup.o(.text)
    GPIOE_Handler                            0x0000034d   Thumb Code     2  km_startup.o(.text)
    UART0_Handler                            0x0000034f   Thumb Code     2  km_startup.o(.text)
    UART1_Handler                            0x00000351   Thumb Code     2  km_startup.o(.text)
    SSI0_Handler                             0x00000353   Thumb Code     2  km_startup.o(.text)
    I2C0_Handler                             0x00000355   Thumb Code     2  km_startup.o(.text)
    PMW0_FAULT_Handler                       0x00000357   Thumb Code     2  km_startup.o(.text)
    PWM0_0_Handler                           0x00000359   Thumb Code     2  km_startup.o(.text)
    PWM0_1_Handler                           0x0000035b   Thumb Code     2  km_startup.o(.text)
    PWM0_2_Handler                           0x0000035d   Thumb Code     2  km_startup.o(.text)
    QEI0_Handler                             0x0000035f   Thumb Code     2  km_startup.o(.text)
    ADC0SS0_Handler                          0x00000361   Thumb Code     2  km_startup.o(.text)
    ADC0SS1_Handler                          0x00000363   Thumb Code     2  km_startup.o(.text)
    ADC0SS2_Handler                          0x00000365   Thumb Code     2  km_startup.o(.text)
    ADC0SS3_Handler                          0x00000367   Thumb Code     2  km_startup.o(.text)
    WDT0_Handler                             0x00000369   Thumb Code     2  km_startup.o(.text)
    TIMER0B_Handler                          0x0000036d   Thumb Code     2  km_startup.o(.text)
    TIMER1B_Handler                          0x00000371   Thumb Code     2  km_startup.o(.text)
    TIMER2B_Handler                          0x00000375   Thumb Code     2  km_startup.o(.text)
    COMP0_Handler                            0x00000377   Thumb Code     2  km_startup.o(.text)
    COMP1_Handler                            0x00000379   Thumb Code     2  km_startup.o(.text)
    COMP2_Handler                            0x0000037b   Thumb Code     2  km_startup.o(.text)
    SYSCTL_Handler                           0x0000037d   Thumb Code     2  km_startup.o(.text)
    FLASH_Handler                            0x0000037f   Thumb Code     2  km_startup.o(.text)
    GPIOF_Handler                            0x00000381   Thumb Code     2  km_startup.o(.text)
    GPIOG_Handler                            0x00000383   Thumb Code     2  km_startup.o(.text)
    GPIOH_Handler                            0x00000385   Thumb Code     2  km_startup.o(.text)
    UART2_Handler                            0x00000387   Thumb Code     2  km_startup.o(.text)
    SSI1_Handler                             0x00000389   Thumb Code     2  km_startup.o(.text)
    TIMER3A_Handler                          0x0000038b   Thumb Code     2  km_startup.o(.text)
    TIMER3B_Handler                          0x0000038d   Thumb Code     2  km_startup.o(.text)
    I2C1_Handler                             0x0000038f   Thumb Code     2  km_startup.o(.text)
    QEI1_Handler                             0x00000391   Thumb Code     2  km_startup.o(.text)
    CAN0_Handler                             0x00000393   Thumb Code     2  km_startup.o(.text)
    CAN1_Handler                             0x00000395   Thumb Code     2  km_startup.o(.text)
    CAN2_Handler                             0x00000397   Thumb Code     2  km_startup.o(.text)
    HIB_Handler                              0x00000399   Thumb Code     2  km_startup.o(.text)
    USB0_Handler                             0x0000039b   Thumb Code     2  km_startup.o(.text)
    PWM0_3_Handler                           0x0000039d   Thumb Code     2  km_startup.o(.text)
    UDMA_Handler                             0x0000039f   Thumb Code     2  km_startup.o(.text)
    UDMAERR_Handler                          0x000003a1   Thumb Code     2  km_startup.o(.text)
    ADC1SS0_Handler                          0x000003a3   Thumb Code     2  km_startup.o(.text)
    ADC1SS1_Handler                          0x000003a5   Thumb Code     2  km_startup.o(.text)
    ADC1SS2_Handler                          0x000003a7   Thumb Code     2  km_startup.o(.text)
    ADC1SS3_Handler                          0x000003a9   Thumb Code     2  km_startup.o(.text)
    GPIOJ_Handler                            0x000003ab   Thumb Code     2  km_startup.o(.text)
    GPIOK_Handler                            0x000003ad   Thumb Code     2  km_startup.o(.text)
    GPIOL_Handler                            0x000003af   Thumb Code     2  km_startup.o(.text)
    SSI2_Handler                             0x000003b1   Thumb Code     2  km_startup.o(.text)
    SSI3_Handler                             0x000003b3   Thumb Code     2  km_startup.o(.text)
    UART3_Handler                            0x000003b5   Thumb Code     2  km_startup.o(.text)
    UART4_Handler                            0x000003b7   Thumb Code     2  km_startup.o(.text)
    UART5_Handler                            0x000003b9   Thumb Code     2  km_startup.o(.text)
    UART6_Handler                            0x000003bb   Thumb Code     2  km_startup.o(.text)
    UART7_Handler                            0x000003bd   Thumb Code     2  km_startup.o(.text)
    I2C2_Handler                             0x000003bf   Thumb Code     2  km_startup.o(.text)
    I2C3_Handler                             0x000003c1   Thumb Code     2  km_startup.o(.text)
    TIMER4A_Handler                          0x000003c3   Thumb Code     2  km_startup.o(.text)
    TIMER4B_Handler                          0x000003c5   Thumb Code     2  km_startup.o(.text)
    TIMER5A_Handler                          0x000003c7   Thumb Code     2  km_startup.o(.text)
    TIMER5B_Handler                          0x000003c9   Thumb Code     2  km_startup.o(.text)
    WTIMER0A_Handler                         0x000003cb   Thumb Code     2  km_startup.o(.text)
    WTIMER0B_Handler                         0x000003cd   Thumb Code     2  km_startup.o(.text)
    WTIMER1A_Handler                         0x000003cf   Thumb Code     2  km_startup.o(.text)
    WTIMER1B_Handler                         0x000003d1   Thumb Code     2  km_startup.o(.text)
    WTIMER2A_Handler                         0x000003d3   Thumb Code     2  km_startup.o(.text)
    WTIMER2B_Handler                         0x000003d5   Thumb Code     2  km_startup.o(.text)
    WTIMER3A_Handler                         0x000003d7   Thumb Code     2  km_startup.o(.text)
    WTIMER3B_Handler                         0x000003d9   Thumb Code     2  km_startup.o(.text)
    WTIMER4A_Handler                         0x000003db   Thumb Code     2  km_startup.o(.text)
    WTIMER4B_Handler                         0x000003dd   Thumb Code     2  km_startup.o(.text)
    WTIMER5A_Handler                         0x000003df   Thumb Code     2  km_startup.o(.text)
    WTIMER5B_Handler                         0x000003e1   Thumb Code     2  km_startup.o(.text)
    FPU_Handler                              0x000003e3   Thumb Code     2  km_startup.o(.text)
    I2C4_Handler                             0x000003e5   Thumb Code     2  km_startup.o(.text)
    I2C5_Handler                             0x000003e7   Thumb Code     2  km_startup.o(.text)
    GPIOM_Handler                            0x000003e9   Thumb Code     2  km_startup.o(.text)
    GPION_Handler                            0x000003eb   Thumb Code     2  km_startup.o(.text)
    QEI2_Handler                             0x000003ed   Thumb Code     2  km_startup.o(.text)
    GPIOP0_Handler                           0x000003ef   Thumb Code     2  km_startup.o(.text)
    GPIOP1_Handler                           0x000003f1   Thumb Code     2  km_startup.o(.text)
    GPIOP2_Handler                           0x000003f3   Thumb Code     2  km_startup.o(.text)
    GPIOP3_Handler                           0x000003f5   Thumb Code     2  km_startup.o(.text)
    GPIOP4_Handler                           0x000003f7   Thumb Code     2  km_startup.o(.text)
    GPIOP5_Handler                           0x000003f9   Thumb Code     2  km_startup.o(.text)
    GPIOP6_Handler                           0x000003fb   Thumb Code     2  km_startup.o(.text)
    GPIOP7_Handler                           0x000003fd   Thumb Code     2  km_startup.o(.text)
    GPIOQ0_Handler                           0x000003ff   Thumb Code     2  km_startup.o(.text)
    GPIOQ1_Handler                           0x00000401   Thumb Code     2  km_startup.o(.text)
    GPIOQ2_Handler                           0x00000403   Thumb Code     2  km_startup.o(.text)
    GPIOQ3_Handler                           0x00000405   Thumb Code     2  km_startup.o(.text)
    GPIOQ4_Handler                           0x00000407   Thumb Code     2  km_startup.o(.text)
    GPIOQ5_Handler                           0x00000409   Thumb Code     2  km_startup.o(.text)
    GPIOQ6_Handler                           0x0000040b   Thumb Code     2  km_startup.o(.text)
    GPIOQ7_Handler                           0x0000040d   Thumb Code     2  km_startup.o(.text)
    GPIOR_Handler                            0x0000040f   Thumb Code     2  km_startup.o(.text)
    GPIOS_Handler                            0x00000411   Thumb Code     2  km_startup.o(.text)
    PMW1_0_Handler                           0x00000413   Thumb Code     2  km_startup.o(.text)
    PWM1_1_Handler                           0x00000415   Thumb Code     2  km_startup.o(.text)
    PWM1_2_Handler                           0x00000417   Thumb Code     2  km_startup.o(.text)
    PWM1_3_Handler                           0x00000419   Thumb Code     2  km_startup.o(.text)
    PWM1_FAULT_Handler                       0x0000041b   Thumb Code     2  km_startup.o(.text)
    __user_initial_stackheap                 0x0000041d   Thumb Code     0  km_startup.o(.text)
    __2sprintf                               0x00000439   Thumb Code    34  noretval__2sprintf.o(.text)
    __printf                                 0x00000461   Thumb Code   104  __printf.o(.text)
    _printf_int_dec                          0x000004c9   Thumb Code   104  _printf_dec.o(.text)
    __aeabi_memcpy4                          0x00000541   Thumb Code     0  rt_memcpy_w.o(.text)
    __aeabi_memcpy8                          0x00000541   Thumb Code     0  rt_memcpy_w.o(.text)
    __rt_memcpy_w                            0x00000541   Thumb Code   100  rt_memcpy_w.o(.text)
    _memcpy_lastbytes_aligned                0x00000589   Thumb Code     0  rt_memcpy_w.o(.text)
    __use_two_region_memory                  0x000005a5   Thumb Code     2  heapauxi.o(.text)
    __rt_heap_escrow$2region                 0x000005a7   Thumb Code     2  heapauxi.o(.text)
    __rt_heap_expand$2region                 0x000005a9   Thumb Code     2  heapauxi.o(.text)
    _printf_int_common                       0x000005ab   Thumb Code   178  _printf_intcommon.o(.text)
    _printf_char_common                      0x00000667   Thumb Code    32  _printf_char_common.o(.text)
    _sputc                                   0x0000068d   Thumb Code    10  _sputc.o(.text)
    __user_setup_stackheap                   0x00000697   Thumb Code    74  sys_stackheap_outer.o(.text)
    exit                                     0x000006e1   Thumb Code    18  exit.o(.text)
    __user_libspace                          0x000006f5   Thumb Code     8  libspace.o(.text)
    __user_perproc_libspace                  0x000006f5   Thumb Code     0  libspace.o(.text)
    __user_perthread_libspace                0x000006f5   Thumb Code     0  libspace.o(.text)
    _sys_exit                                0x000006fd   Thumb Code     8  sys_exit.o(.text)
    __I$use$semihosting                      0x00000709   Thumb Code     0  use_no_semi.o(.text)
    __use_no_semihosting_swi                 0x00000709   Thumb Code     2  use_no_semi.o(.text)
    __semihosting_library_function           0x0000070b   Thumb Code     0  indicate_semi.o(.text)
    CheckHigh                                0x0000070d   Thumb Code    18  dht11.o(i.CheckHigh)
    CheckLow                                 0x00000725   Thumb Code    18  dht11.o(i.CheckLow)
    DHT11_Request                            0x0000073d   Thumb Code    52  dht11.o(i.DHT11_Request)
    DHT11_Response                           0x00000779   Thumb Code    86  dht11.o(i.DHT11_Response)
    DHT11_Rx_Data                            0x000007d5   Thumb Code    64  dht11.o(i.DHT11_Rx_Data)
    I2C0_Config                              0x00000819   Thumb Code    18  task1.o(i.I2C0_Config)
    KM_Board_Init                            0x00000831   Thumb Code   748  kmboard.o(i.KM_Board_Init)
    KM_I2C0_Init                             0x00000b65   Thumb Code    44  i2c.o(i.KM_I2C0_Init)
    KM_LCD_Write_Cmd                         0x00000b9d   Thumb Code    34  lcd.o(i.KM_LCD_Write_Cmd)
    KM_LCD_Write_Data                        0x00000bc5   Thumb Code    34  lcd.o(i.KM_LCD_Write_Data)
    KM_LCD_Write_Str                         0x00000bed   Thumb Code    24  lcd.o(i.KM_LCD_Write_Str)
    KM_PLL_Init                              0x00000c05   Thumb Code   120  pll.o(i.KM_PLL_Init)
    KM_SysTick_Init                          0x00000c81   Thumb Code    16  systicktimer.o(i.KM_SysTick_Init)
    KM_UART2_Config                          0x00000c91   Thumb Code    98  uart2.o(i.KM_UART2_Config)
    KM_UART2_InChar                          0x00000d01   Thumb Code    22  uart2.o(i.KM_UART2_InChar)
    KM_UART2_OutChar                         0x00000d1d   Thumb Code    20  uart2.o(i.KM_UART2_OutChar)
    KM_UART2_OutString                       0x00000d35   Thumb Code    22  uart2.o(i.KM_UART2_OutString)
    KM_delay_ms                              0x00000d4b   Thumb Code    36  systicktimer.o(i.KM_delay_ms)
    KM_delay_us                              0x00000d6f   Thumb Code    34  systicktimer.o(i.KM_delay_us)
    KM_itoa                                  0x00000d91   Thumb Code    96  lcd.o(i.KM_itoa)
    RTC_Read                                 0x00000df5   Thumb Code   182  task1.o(i.RTC_Read)
    RTC_Write                                0x00000eb5   Thumb Code   134  task1.o(i.RTC_Write)
    TIMER0A_Handler                          0x00000f45   Thumb Code    32  task0.o(i.TIMER0A_Handler)
    TIMER0_Init                              0x00000f6d   Thumb Code    60  task0.o(i.TIMER0_Init)
    TIMER0_Inter_Init                        0x00000fb5   Thumb Code    58  task0.o(i.TIMER0_Inter_Init)
    TIMER1A_Handler                          0x00000ffd   Thumb Code    32  task1.o(i.TIMER1A_Handler)
    TIMER1_Init                              0x00001025   Thumb Code    74  task1.o(i.TIMER1_Init)
    TIMER1_Inter_Init                        0x0000107d   Thumb Code    58  task1.o(i.TIMER1_Inter_Init)
    TIMER2A_Handler                          0x000010c5   Thumb Code    32  task3.o(i.TIMER2A_Handler)
    TIMER2_Init                              0x000010ed   Thumb Code    60  task3.o(i.TIMER2_Init)
    TIMER2_Inter_Init                        0x00001135   Thumb Code    58  task3.o(i.TIMER2_Inter_Init)
    Task0                                    0x0000117d   Thumb Code    82  task0.o(i.Task0)
    Task1                                    0x000011d9   Thumb Code    18  task1.o(i.Task1)
    Task2                                    0x000011ed   Thumb Code   176  task2.o(i.Task2)
    Task3                                    0x000012c5   Thumb Code    16  task3.o(i.Task3)
    Task4                                    0x000012d9   Thumb Code    18  task3.o(i.Task4)
    main                                     0x000012f1   Thumb Code    60  main.o(i.main)
    send_data_to_wifi                        0x00001345   Thumb Code    98  task3.o(i.send_data_to_wifi)
    wifi                                     0x00001449   Thumb Code   126  task3.o(i.wifi)
    wifi_response                            0x0000152d   Thumb Code    44  task3.o(i.wifi_response)
    write_high_nibble                        0x0000155d   Thumb Code    70  lcd.o(i.write_high_nibble)
    write_low_nibble                         0x000015ad   Thumb Code    72  lcd.o(i.write_low_nibble)
    _fp_init                                 0x000015fd   Thumb Code    10  fpinit.o(x$fpl$fpinit)
    __fplib_config_fpu_vfp                   0x00001605   Thumb Code     0  fpinit.o(x$fpl$fpinit)
    __fplib_config_pureend_doubles           0x00001605   Thumb Code     0  fpinit.o(x$fpl$fpinit)
    Region$$Table$$Base                      0x00001624   Number         0  anon$$obj.o(Region$$Table)
    Region$$Table$$Limit                     0x00001644   Number         0  anon$$obj.o(Region$$Table)
    PeriodicTask0                            0x20000000   Data           4  task0.o(.data)
    temp                                     0x20000004   Data           4  task0.o(.data)
    hum                                      0x20000008   Data           4  task0.o(.data)
    PeriodicTask1                            0x2000000c   Data           4  task1.o(.data)
    PeriodicTask3                            0x20000010   Data           4  task3.o(.data)
    set                                      0x20000014   Data           4  task3.o(.data)
    flag                                     0x20000018   Data           4  task3.o(.data)
    read                                     0x2000001c   Data          28  task1.o(.bss)
    buffer                                   0x20000038   Data          10  task3.o(.bss)
    Fetch                                    0x20000042   Data          50  task3.o(.bss)
    __libspace_start                         0x20000080   Data          96  libspace.o(.bss)
    __temporary_stack_top$libspace           0x200000e0   Data           0  libspace.o(.bss)



==============================================================================

Memory Map of the image

  Image Entry point : 0x0000032f

  Load Region LR_1 (Base: 0x00000000, Size: 0x00001660, Max: 0xffffffff, ABSOLUTE)

    Execution Region ER_RO (Base: 0x00000000, Size: 0x00001644, Max: 0xffffffff, ABSOLUTE)

    Base Addr    Size         Type   Attr      Idx    E Section Name        Object

    0x00000000   0x0000026c   Data   RO           38    RESET               km_startup.o
    0x0000026c   0x00000008   Code   RO          484  * !!!main             c_w.l(__main.o)
    0x00000274   0x00000034   Code   RO          650    !!!scatter          c_w.l(__scatter.o)
    0x000002a8   0x0000001a   Code   RO          652    !!handler_copy      c_w.l(__scatter_copy.o)
    0x000002c2   0x00000002   PAD
    0x000002c4   0x0000001c   Code   RO          654    !!handler_zi        c_w.l(__scatter_zi.o)
    0x000002e0   0x00000000   Code   RO          479    .ARM.Collect$$_printf_percent$$00000000  c_w.l(_printf_percent.o)
    0x000002e0   0x00000006   Code   RO          478    .ARM.Collect$$_printf_percent$$00000009  c_w.l(_printf_d.o)
    0x000002e6   0x00000004   Code   RO          493    .ARM.Collect$$_printf_percent$$00000017  c_w.l(_printf_percent_end.o)
    0x000002ea   0x00000002   Code   RO          520    .ARM.Collect$$libinit$$00000000  c_w.l(libinit.o)
    0x000002ec   0x00000004   Code   RO          526    .ARM.Collect$$libinit$$00000001  c_w.l(libinit2.o)
    0x000002f0   0x00000000   Code   RO          529    .ARM.Collect$$libinit$$00000004  c_w.l(libinit2.o)
    0x000002f0   0x00000000   Code   RO          532    .ARM.Collect$$libinit$$0000000A  c_w.l(libinit2.o)
    0x000002f0   0x00000000   Code   RO          534    .ARM.Collect$$libinit$$0000000C  c_w.l(libinit2.o)
    0x000002f0   0x00000000   Code   RO          536    .ARM.Collect$$libinit$$0000000E  c_w.l(libinit2.o)
    0x000002f0   0x00000000   Code   RO          539    .ARM.Collect$$libinit$$00000011  c_w.l(libinit2.o)
    0x000002f0   0x00000000   Code   RO          541    .ARM.Collect$$libinit$$00000013  c_w.l(libinit2.o)
    0x000002f0   0x00000000   Code   RO          543    .ARM.Collect$$libinit$$00000015  c_w.l(libinit2.o)
    0x000002f0   0x00000000   Code   RO          545    .ARM.Collect$$libinit$$00000017  c_w.l(libinit2.o)
    0x000002f0   0x00000000   Code   RO          547    .ARM.Collect$$libinit$$00000019  c_w.l(libinit2.o)
    0x000002f0   0x00000000   Code   RO          549    .ARM.Collect$$libinit$$0000001B  c_w.l(libinit2.o)
    0x000002f0   0x00000000   Code   RO          551    .ARM.Collect$$libinit$$0000001D  c_w.l(libinit2.o)
    0x000002f0   0x00000000   Code   RO          553    .ARM.Collect$$libinit$$0000001F  c_w.l(libinit2.o)
    0x000002f0   0x00000000   Code   RO          555    .ARM.Collect$$libinit$$00000021  c_w.l(libinit2.o)
    0x000002f0   0x00000000   Code   RO          557    .ARM.Collect$$libinit$$00000023  c_w.l(libinit2.o)
    0x000002f0   0x00000000   Code   RO          559    .ARM.Collect$$libinit$$00000025  c_w.l(libinit2.o)
    0x000002f0   0x00000000   Code   RO          563    .ARM.Collect$$libinit$$0000002C  c_w.l(libinit2.o)
    0x000002f0   0x00000000   Code   RO          565    .ARM.Collect$$libinit$$0000002E  c_w.l(libinit2.o)
    0x000002f0   0x00000000   Code   RO          567    .ARM.Collect$$libinit$$00000030  c_w.l(libinit2.o)
    0x000002f0   0x00000000   Code   RO          569    .ARM.Collect$$libinit$$00000032  c_w.l(libinit2.o)
    0x000002f0   0x00000002   Code   RO          570    .ARM.Collect$$libinit$$00000033  c_w.l(libinit2.o)
    0x000002f2   0x00000002   Code   RO          590    .ARM.Collect$$libshutdown$$00000000  c_w.l(libshutdown.o)
    0x000002f4   0x00000000   Code   RO          603    .ARM.Collect$$libshutdown$$00000002  c_w.l(libshutdown2.o)
    0x000002f4   0x00000000   Code   RO          605    .ARM.Collect$$libshutdown$$00000004  c_w.l(libshutdown2.o)
    0x000002f4   0x00000000   Code   RO          608    .ARM.Collect$$libshutdown$$00000007  c_w.l(libshutdown2.o)
    0x000002f4   0x00000000   Code   RO          611    .ARM.Collect$$libshutdown$$0000000A  c_w.l(libshutdown2.o)
    0x000002f4   0x00000000   Code   RO          613    .ARM.Collect$$libshutdown$$0000000C  c_w.l(libshutdown2.o)
    0x000002f4   0x00000000   Code   RO          616    .ARM.Collect$$libshutdown$$0000000F  c_w.l(libshutdown2.o)
    0x000002f4   0x00000002   Code   RO          617    .ARM.Collect$$libshutdown$$00000010  c_w.l(libshutdown2.o)
    0x000002f6   0x00000000   Code   RO          486    .ARM.Collect$$rtentry$$00000000  c_w.l(__rtentry.o)
    0x000002f6   0x00000000   Code   RO          495    .ARM.Collect$$rtentry$$00000002  c_w.l(__rtentry2.o)
    0x000002f6   0x00000006   Code   RO          507    .ARM.Collect$$rtentry$$00000004  c_w.l(__rtentry4.o)
    0x000002fc   0x00000000   Code   RO          497    .ARM.Collect$$rtentry$$00000009  c_w.l(__rtentry2.o)
    0x000002fc   0x00000004   Code   RO          498    .ARM.Collect$$rtentry$$0000000A  c_w.l(__rtentry2.o)
    0x00000300   0x00000000   Code   RO          500    .ARM.Collect$$rtentry$$0000000C  c_w.l(__rtentry2.o)
    0x00000300   0x00000008   Code   RO          501    .ARM.Collect$$rtentry$$0000000D  c_w.l(__rtentry2.o)
    0x00000308   0x00000002   Code   RO          524    .ARM.Collect$$rtexit$$00000000  c_w.l(rtexit.o)
    0x0000030a   0x00000000   Code   RO          572    .ARM.Collect$$rtexit$$00000002  c_w.l(rtexit2.o)
    0x0000030a   0x00000004   Code   RO          573    .ARM.Collect$$rtexit$$00000003  c_w.l(rtexit2.o)
    0x0000030e   0x00000006   Code   RO          574    .ARM.Collect$$rtexit$$00000004  c_w.l(rtexit2.o)
    0x00000314   0x00000124   Code   RO           39  * .text               km_startup.o
    0x00000438   0x00000028   Code   RO          452    .text               c_w.l(noretval__2sprintf.o)
    0x00000460   0x00000068   Code   RO          454    .text               c_w.l(__printf.o)
    0x000004c8   0x00000078   Code   RO          456    .text               c_w.l(_printf_dec.o)
    0x00000540   0x00000064   Code   RO          480    .text               c_w.l(rt_memcpy_w.o)
    0x000005a4   0x00000006   Code   RO          482    .text               c_w.l(heapauxi.o)
    0x000005aa   0x000000b2   Code   RO          487    .text               c_w.l(_printf_intcommon.o)
    0x0000065c   0x00000030   Code   RO          489    .text               c_w.l(_printf_char_common.o)
    0x0000068c   0x0000000a   Code   RO          491    .text               c_w.l(_sputc.o)
    0x00000696   0x0000004a   Code   RO          511    .text               c_w.l(sys_stackheap_outer.o)
    0x000006e0   0x00000012   Code   RO          513    .text               c_w.l(exit.o)
    0x000006f2   0x00000002   PAD
    0x000006f4   0x00000008   Code   RO          521    .text               c_w.l(libspace.o)
    0x000006fc   0x0000000c   Code   RO          582    .text               c_w.l(sys_exit.o)
    0x00000708   0x00000002   Code   RO          593    .text               c_w.l(use_no_semi.o)
    0x0000070a   0x00000000   Code   RO          595    .text               c_w.l(indicate_semi.o)
    0x0000070a   0x00000002   PAD
    0x0000070c   0x00000018   Code   RO          351    i.CheckHigh         kmlib.lib(dht11.o)
    0x00000724   0x00000018   Code   RO          352    i.CheckLow          kmlib.lib(dht11.o)
    0x0000073c   0x0000003c   Code   RO          354    i.DHT11_Request     kmlib.lib(dht11.o)
    0x00000778   0x0000005c   Code   RO          355    i.DHT11_Response    kmlib.lib(dht11.o)
    0x000007d4   0x00000044   Code   RO          356    i.DHT11_Rx_Data     kmlib.lib(dht11.o)
    0x00000818   0x00000018   Code   RO           77    i.I2C0_Config       task1.o
    0x00000830   0x00000334   Code   RO          336    i.KM_Board_Init     kmlib.lib(kmboard.o)
    0x00000b64   0x00000038   Code   RO          288    i.KM_I2C0_Init      kmlib.lib(i2c.o)
    0x00000b9c   0x00000028   Code   RO          207    i.KM_LCD_Write_Cmd  kmlib.lib(lcd.o)
    0x00000bc4   0x00000028   Code   RO          208    i.KM_LCD_Write_Data  kmlib.lib(lcd.o)
    0x00000bec   0x00000018   Code   RO          209    i.KM_LCD_Write_Str  kmlib.lib(lcd.o)
    0x00000c04   0x0000007c   Code   RO           21    i.KM_PLL_Init       pll.o
    0x00000c80   0x00000010   Code   RO          264    i.KM_SysTick_Init   kmlib.lib(systicktimer.o)
    0x00000c90   0x00000070   Code   RO          406    i.KM_UART2_Config   kmlib.lib(uart2.o)
    0x00000d00   0x0000001c   Code   RO          407    i.KM_UART2_InChar   kmlib.lib(uart2.o)
    0x00000d1c   0x00000018   Code   RO          410    i.KM_UART2_OutChar  kmlib.lib(uart2.o)
    0x00000d34   0x00000016   Code   RO          411    i.KM_UART2_OutString  kmlib.lib(uart2.o)
    0x00000d4a   0x00000024   Code   RO          265    i.KM_delay_ms       kmlib.lib(systicktimer.o)
    0x00000d6e   0x00000022   Code   RO          266    i.KM_delay_us       kmlib.lib(systicktimer.o)
    0x00000d90   0x00000064   Code   RO          210    i.KM_itoa           kmlib.lib(lcd.o)
    0x00000df4   0x000000c0   Code   RO           78    i.RTC_Read          task1.o
    0x00000eb4   0x00000090   Code   RO           79    i.RTC_Write         task1.o
    0x00000f44   0x00000028   Code   RO           44    i.TIMER0A_Handler   task0.o
    0x00000f6c   0x00000048   Code   RO           45    i.TIMER0_Init       task0.o
    0x00000fb4   0x00000048   Code   RO           46    i.TIMER0_Inter_Init  task0.o
    0x00000ffc   0x00000028   Code   RO           80    i.TIMER1A_Handler   task1.o
    0x00001024   0x00000058   Code   RO           81    i.TIMER1_Init       task1.o
    0x0000107c   0x00000048   Code   RO           82    i.TIMER1_Inter_Init  task1.o
    0x000010c4   0x00000028   Code   RO          143    i.TIMER2A_Handler   task3.o
    0x000010ec   0x00000048   Code   RO          144    i.TIMER2_Init       task3.o
    0x00001134   0x00000048   Code   RO          145    i.TIMER2_Inter_Init  task3.o
    0x0000117c   0x0000005c   Code   RO           47    i.Task0             task0.o
    0x000011d8   0x00000012   Code   RO           83    i.Task1             task1.o
    0x000011ea   0x00000002   PAD
    0x000011ec   0x000000d8   Code   RO          130    i.Task2             task2.o
    0x000012c4   0x00000014   Code   RO          146    i.Task3             task3.o
    0x000012d8   0x00000018   Code   RO          147    i.Task4             task3.o
    0x000012f0   0x00000054   Code   RO            1    i.main              main.o
    0x00001344   0x00000104   Code   RO          148    i.send_data_to_wifi  task3.o
    0x00001448   0x000000e4   Code   RO          149    i.wifi              task3.o
    0x0000152c   0x00000030   Code   RO          150    i.wifi_response     task3.o
    0x0000155c   0x00000050   Code   RO          211    i.write_high_nibble  kmlib.lib(lcd.o)
    0x000015ac   0x00000050   Code   RO          212    i.write_low_nibble  kmlib.lib(lcd.o)
    0x000015fc   0x0000000a   Code   RO          580    x$fpl$fpinit        fz_wm.l(fpinit.o)
    0x00001606   0x00000002   PAD
    0x00001608   0x0000001c   Data   RO           85    .constdata          task1.o
    0x00001624   0x00000020   Data   RO          648    Region$$Table       anon$$obj.o


    Execution Region ER_RW (Base: 0x20000000, Size: 0x0000001c, Max: 0xffffffff, ABSOLUTE)

    Base Addr    Size         Type   Attr      Idx    E Section Name        Object

    0x20000000   0x0000000c   Data   RW           48    .data               task0.o
    0x2000000c   0x00000004   Data   RW           86    .data               task1.o
    0x20000010   0x0000000c   Data   RW          152    .data               task3.o


    Execution Region ER_ZI (Base: 0x2000001c, Size: 0x000002c4, Max: 0xffffffff, ABSOLUTE)

    Base Addr    Size         Type   Attr      Idx    E Section Name        Object

    0x2000001c   0x0000001c   Zero   RW           84    .bss                task1.o
    0x20000038   0x0000003c   Zero   RW          151    .bss                task3.o
    0x20000074   0x0000000a   Zero   RW          213    .bss                kmlib.lib(lcd.o)
    0x2000007e   0x00000002   PAD
    0x20000080   0x00000060   Zero   RW          522    .bss                c_w.l(libspace.o)
    0x200000e0   0x00000000   Zero   RW           37    HEAP                km_startup.o
    0x200000e0   0x00000200   Zero   RW           36    STACK               km_startup.o


==============================================================================

Image component sizes


      Code (inc. data)   RO Data    RW Data    ZI Data      Debug   Object Name

       292         18        620          0        512       5420   km_startup.o
        84         24          0          0          0       1915   main.o
       124          4          0          0          0        454   pll.o
       276         44          0         12          0       2577   task0.o
       578         62         28          4         28       4022   task1.o
       216         40          0          0          0        496   task2.o
       764        312          0         12         60       4648   task3.o

    ----------------------------------------------------------------------
      2336        504        680         28        600      19532   Object Totals
         0          0         32          0          0          0   (incl. Generated)
         2          0          0          0          0          0   (incl. Padding)

    ----------------------------------------------------------------------

      Code (inc. data)   RO Data    RW Data    ZI Data      Debug   Library Member Name

         8          0          0          0          0         68   __main.o
       104          0          0          0          0         84   __printf.o
         0          0          0          0          0          0   __rtentry.o
        12          0          0          0          0          0   __rtentry2.o
         6          0          0          0          0          0   __rtentry4.o
        52          8          0          0          0          0   __scatter.o
        26          0          0          0          0          0   __scatter_copy.o
        28          0          0          0          0          0   __scatter_zi.o
        48          6          0          0          0         96   _printf_char_common.o
         6          0          0          0          0          0   _printf_d.o
       120         16          0          0          0         92   _printf_dec.o
       178          0          0          0          0         88   _printf_intcommon.o
         0          0          0          0          0          0   _printf_percent.o
         4          0          0          0          0          0   _printf_percent_end.o
        10          0          0          0          0         68   _sputc.o
        18          0          0          0          0         80   exit.o
         6          0          0          0          0        152   heapauxi.o
         0          0          0          0          0          0   indicate_semi.o
         2          0          0          0          0          0   libinit.o
         6          0          0          0          0          0   libinit2.o
         2          0          0          0          0          0   libshutdown.o
         2          0          0          0          0          0   libshutdown2.o
         8          4          0          0         96         68   libspace.o
        40          6          0          0          0         84   noretval__2sprintf.o
       100          0          0          0          0         80   rt_memcpy_w.o
         2          0          0          0          0          0   rtexit.o
        10          0          0          0          0          0   rtexit2.o
        12          4          0          0          0         68   sys_exit.o
        74          0          0          0          0         80   sys_stackheap_outer.o
         2          0          0          0          0         68   use_no_semi.o
        10          0          0          0          0        116   fpinit.o
       268         30          0          0          0       2372   dht11.o
        56         12          0          0          0        403   i2c.o
       820         72          0          0          0        712   kmboard.o
       364         34          0          0         10       3243   lcd.o
        86          0          0          0          0       1346   systicktimer.o
       186         24          0          0          0       1888   uart2.o

    ----------------------------------------------------------------------
      2684        216          0          0        108      11256   Library Totals
         8          0          0          0          2          0   (incl. Padding)

    ----------------------------------------------------------------------

      Code (inc. data)   RO Data    RW Data    ZI Data      Debug   Library Name

       886         44          0          0         96       1176   c_w.l
        10          0          0          0          0        116   fz_wm.l
      1780        172          0          0         10       9964   kmlib.lib

    ----------------------------------------------------------------------
      2684        216          0          0        108      11256   Library Totals

    ----------------------------------------------------------------------

==============================================================================


      Code (inc. data)   RO Data    RW Data    ZI Data      Debug   

      5020        720        680         28        708      26668   Grand Totals
      5020        720        680         28        708      26668   ELF Image Totals
      5020        720        680         28          0          0   ROM Totals

==============================================================================

    Total RO  Size (Code + RO Data)                 5700 (   5.57kB)
    Total RW  Size (RW Data + ZI Data)               736 (   0.72kB)
    Total ROM Size (Code + RO Data + RW Data)       5728 (   5.59kB)

==============================================================================

